#-----------------------------------------------------------
# Webtalk v2018.2 (64-bit)
# SW Build 2258646 on Thu Jun 14 20:03:12 MDT 2018
# IP Build 2256618 on Thu Jun 14 22:10:49 MDT 2018
# Start of session at: Mon Nov 11 17:40:41 2019
# Process ID: 77964
# Current directory: C:/Users/Hannah/Desktop/MDP_CNN_Verilog/SimpleCNN/Power_POOL_FC_layer/Power_POOL_FC_layer.sim/sim_1/behav/xsim
# Command line: wbtcv.exe -mode batch -source C:/Users/Hannah/Desktop/MDP_CNN_Verilog/SimpleCNN/Power_POOL_FC_layer/Power_POOL_FC_layer.sim/sim_1/behav/xsim/xsim.dir/pool_layer_behav/webtalk/xsim_webtalk.tcl -notrace
# Log file: C:/Users/Hannah/Desktop/MDP_CNN_Verilog/SimpleCNN/Power_POOL_FC_layer/Power_POOL_FC_layer.sim/sim_1/behav/xsim/webtalk.log
# Journal file: C:/Users/Hannah/Desktop/MDP_CNN_Verilog/SimpleCNN/Power_POOL_FC_layer/Power_POOL_FC_layer.sim/sim_1/behav/xsim\webtalk.jou
#-----------------------------------------------------------
source C:/Users/Hannah/Desktop/MDP_CNN_Verilog/SimpleCNN/Power_POOL_FC_layer/Power_POOL_FC_layer.sim/sim_1/behav/xsim/xsim.dir/pool_layer_behav/webtalk/xsim_webtalk.tcl -notrace
